
> ai_expense_tracker@1.0.0 build
> next build

Γû▓ Next.js 16.1.6 (Turbopack)
- Environments: .env.local, .env

node.exe : ΓÜá The "middleware" file convention is deprecated. Please use "proxy" instead. Learn more: https://nextjs.org/docs/messages/middleware-to-proxy
At line:1 char:1
+ & "C:\Program Files\nodejs/node.exe" "C:\Program Files\nodejs/node_mo ...
+ ~~~~~~~~~~~~~~~~~~~~~~~~~~~~~~~~~~~~~~~~~~~~~~~~~~~~~~~~~~~~~~~~~~~~~
    + CategoryInfo          : NotSpecified: (ΓÜá The "middle...leware-to-proxy:String) [], RemoteException
    + FullyQualifiedErrorId : NativeCommandError
 
  Creating an optimized production build ...

> Build error occurred
Error: Turbopack build failed with 33 errors:
./src/app/(app)/budgets/page.tsx
Specified module format (CommonJs) is not matching the module format of the source code (EcmaScript Modules)
The CommonJs module format was specified in the package.json that is affecting this source file or by using an special extension, but Ecmascript import/export syntax is used in the 
source code.
The module was automatically converted to an EcmaScript module, but that is in conflict with the specified module format. Either change the "type" field in the package.json or 
replace EcmaScript import/export syntax with CommonJs syntas in the source file.
In some cases EcmaScript import/export syntax is added by an transform and isn't actually part of the source code. In these cases revisit transformation options to inject the 
correct syntax.

Import traces:
  Client Component Browser:
    ./src/app/(app)/budgets/page.tsx [Client Component Browser]
    ./src/app/(app)/budgets/page.tsx [Server Component]

  Client Component SSR:
    ./src/app/(app)/budgets/page.tsx [Client Component SSR]
    ./src/app/(app)/budgets/page.tsx [Server Component]


./src/app/(app)/expenses/page.tsx
Specified module format (CommonJs) is not matching the module format of the source code (EcmaScript Modules)
The CommonJs module format was specified in the package.json that is affecting this source file or by using an special extension, but Ecmascript import/export syntax is used in the 
source code.
The module was automatically converted to an EcmaScript module, but that is in conflict with the specified module format. Either change the "type" field in the package.json or 
replace EcmaScript import/export syntax with CommonJs syntas in the source file.
In some cases EcmaScript import/export syntax is added by an transform and isn't actually part of the source code. In these cases revisit transformation options to inject the 
correct syntax.

Import traces:
  Client Component Browser:
    ./src/app/(app)/expenses/page.tsx [Client Component Browser]
    ./src/app/(app)/expenses/page.tsx [Server Component]

  Client Component SSR:
    ./src/app/(app)/expenses/page.tsx [Client Component SSR]
    ./src/app/(app)/expenses/page.tsx [Server Component]


./src/app/(app)/layout.tsx
Specified module format (CommonJs) is not matching the module format of the source code (EcmaScript Modules)
The CommonJs module format was specified in the package.json that is affecting this source file or by using an special extension, but Ecmascript import/export syntax is used in the 
source code.
The module was automatically converted to an EcmaScript module, but that is in conflict with the specified module format. Either change the "type" field in the package.json or 
replace EcmaScript import/export syntax with CommonJs syntas in the source file.
In some cases EcmaScript import/export syntax is added by an transform and isn't actually part of the source code. In these cases revisit transformation options to inject the 
correct syntax.


./src/app/(app)/page.tsx
Specified module format (CommonJs) is not matching the module format of the source code (EcmaScript Modules)
The CommonJs module format was specified in the package.json that is affecting this source file or by using an special extension, but Ecmascript import/export syntax is used in the 
source code.
The module was automatically converted to an EcmaScript module, but that is in conflict with the specified module format. Either change the "type" field in the package.json or 
replace EcmaScript import/export syntax with CommonJs syntas in the source file.
In some cases EcmaScript import/export syntax is added by an transform and isn't actually part of the source code. In these cases revisit transformation options to inject the 
correct syntax.

Import traces:
  Client Component Browser:
    ./src/app/(app)/page.tsx [Client Component Browser]
    ./src/app/(app)/page.tsx [Server Component]

  Client Component SSR:
    ./src/app/(app)/page.tsx [Client Component SSR]
    ./src/app/(app)/page.tsx [Server Component]


./src/app/(app)/settings/page.tsx
Specified module format (CommonJs) is not matching the module format of the source code (EcmaScript Modules)
The CommonJs module format was specified in the package.json that is affecting this source file or by using an special extension, but Ecmascript import/export syntax is used in the 
source code.
The module was automatically converted to an EcmaScript module, but that is in conflict with the specified module format. Either change the "type" field in the package.json or 
replace EcmaScript import/export syntax with CommonJs syntas in the source file.
In some cases EcmaScript import/export syntax is added by an transform and isn't actually part of the source code. In these cases revisit transformation options to inject the 
correct syntax.

Import traces:
  Client Component Browser:
    ./src/app/(app)/settings/page.tsx [Client Component Browser]
    ./src/app/(app)/settings/page.tsx [Server Component]

  Client Component SSR:
    ./src/app/(app)/settings/page.tsx [Client Component SSR]
    ./src/app/(app)/settings/page.tsx [Server Component]


./src/app/api/auth/[...nextauth]/route.ts
Specified module format (CommonJs) is not matching the module format of the source code (EcmaScript Modules)
The CommonJs module format was specified in the package.json that is affecting this source file or by using an special extension, but Ecmascript import/export syntax is used in the 
source code.
The module was automatically converted to an EcmaScript module, but that is in conflict with the specified module format. Either change the "type" field in the package.json or 
replace EcmaScript import/export syntax with CommonJs syntas in the source file.
In some cases EcmaScript import/export syntax is added by an transform and isn't actually part of the source code. In these cases revisit transformation options to inject the 
correct syntax.


./src/app/api/trpc/[trpc]/route.ts
Specified module format (CommonJs) is not matching the module format of the source code (EcmaScript Modules)
The CommonJs module format was specified in the package.json that is affecting this source file or by using an special extension, but Ecmascript import/export syntax is used in the 
source code.
The module was automatically converted to an EcmaScript module, but that is in conflict with the specified module format. Either change the "type" field in the package.json or 
replace EcmaScript import/export syntax with CommonJs syntas in the source file.
In some cases EcmaScript import/export syntax is added by an transform and isn't actually part of the source code. In these cases revisit transformation options to inject the 
correct syntax.


./src/app/layout.tsx
Specified module format (CommonJs) is not matching the module format of the source code (EcmaScript Modules)
The CommonJs module format was specified in the package.json that is affecting this source file or by using an special extension, but Ecmascript import/export syntax is used in the 
source code.
The module was automatically converted to an EcmaScript module, but that is in conflict with the specified module format. Either change the "type" field in the package.json or 
replace EcmaScript import/export syntax with CommonJs syntas in the source file.
In some cases EcmaScript import/export syntax is added by an transform and isn't actually part of the source code. In these cases revisit transformation options to inject the 
correct syntax.


./src/app/login/page.tsx
Specified module format (CommonJs) is not matching the module format of the source code (EcmaScript Modules)
The CommonJs module format was specified in the package.json that is affecting this source file or by using an special extension, but Ecmascript import/export syntax is used in the 
source code.
The module was automatically converted to an EcmaScript module, but that is in conflict with the specified module format. Either change the "type" field in the package.json or 
replace EcmaScript import/export syntax with CommonJs syntas in the source file.
In some cases EcmaScript import/export syntax is added by an transform and isn't actually part of the source code. In these cases revisit transformation options to inject the 
correct syntax.

Import traces:
  Client Component Browser:
    ./src/app/login/page.tsx [Client Component Browser]
    ./src/app/login/page.tsx [Server Component]

  Client Component SSR:
    ./src/app/login/page.tsx [Client Component SSR]
    ./src/app/login/page.tsx [Server Component]


./src/auth.ts
Specified module format (CommonJs) is not matching the module format of the source code (EcmaScript Modules)
The CommonJs module format was specified in the package.json that is affecting this source file or by using an special extension, but Ecmascript import/export syntax is used in the 
source code.
The module was automatically converted to an EcmaScript module, but that is in conflict with the specified module format. Either change the "type" field in the package.json or 
replace EcmaScript import/export syntax with CommonJs syntas in the source file.
In some cases EcmaScript import/export syntax is added by an transform and isn't actually part of the source code. In these cases revisit transformation options to inject the 
correct syntax.

Import trace:
  App Route:
    ./src/auth.ts
    ./src/app/api/auth/[...nextauth]/route.ts


./src/components/ai/AICoachSheet.tsx
Specified module format (CommonJs) is not matching the module format of the source code (EcmaScript Modules)
The CommonJs module format was specified in the package.json that is affecting this source file or by using an special extension, but Ecmascript import/export syntax is used in the 
source code.
The module was automatically converted to an EcmaScript module, but that is in conflict with the specified module format. Either change the "type" field in the package.json or 
replace EcmaScript import/export syntax with CommonJs syntas in the source file.
In some cases EcmaScript import/export syntax is added by an transform and isn't actually part of the source code. In these cases revisit transformation options to inject the 
correct syntax.

Import traces:
  Client Component Browser:
    ./src/components/ai/AICoachSheet.tsx [Client Component Browser]
    ./src/components/layout/DesktopSidebar.tsx [Client Component Browser]
    ./src/components/layout/DesktopSidebar.tsx [Server Component]
    ./src/app/(app)/layout.tsx [Server Component]

  Client Component SSR:
    ./src/components/ai/AICoachSheet.tsx [Client Component SSR]
    ./src/components/layout/DesktopSidebar.tsx [Client Component SSR]
    ./src/components/layout/DesktopSidebar.tsx [Server Component]
    ./src/app/(app)/layout.tsx [Server Component]


./src/components/dashboard/IncomeExpenseChart.tsx
Specified module format (CommonJs) is not matching the module format of the source code (EcmaScript Modules)
The CommonJs module format was specified in the package.json that is affecting this source file or by using an special extension, but Ecmascript import/export syntax is used in the 
source code.
The module was automatically converted to an EcmaScript module, but that is in conflict with the specified module format. Either change the "type" field in the package.json or 
replace EcmaScript import/export syntax with CommonJs syntas in the source file.
In some cases EcmaScript import/export syntax is added by an transform and isn't actually part of the source code. In these cases revisit transformation options to inject the 
correct syntax.

Import traces:
  Client Component Browser:
    ./src/components/dashboard/IncomeExpenseChart.tsx [Client Component Browser]
    ./src/app/(app)/page.tsx [Client Component Browser]
    ./src/app/(app)/page.tsx [Server Component]

  Client Component SSR:
    ./src/components/dashboard/IncomeExpenseChart.tsx [Client Component SSR]
    ./src/app/(app)/page.tsx [Client Component SSR]
    ./src/app/(app)/page.tsx [Server Component]


./src/components/expenses/AddExpenseSheet.tsx
Specified module format (CommonJs) is not matching the module format of the source code (EcmaScript Modules)
The CommonJs module format was specified in the package.json that is affecting this source file or by using an special extension, but Ecmascript import/export syntax is used in the 
source code.
The module was automatically converted to an EcmaScript module, but that is in conflict with the specified module format. Either change the "type" field in the package.json or 
replace EcmaScript import/export syntax with CommonJs syntas in the source file.
In some cases EcmaScript import/export syntax is added by an transform and isn't actually part of the source code. In these cases revisit transformation options to inject the 
correct syntax.

Import traces:
  Client Component Browser:
    ./src/components/expenses/AddExpenseSheet.tsx [Client Component Browser]
    ./src/app/(app)/page.tsx [Client Component Browser]
    ./src/app/(app)/page.tsx [Server Component]

  Client Component SSR:
    ./src/components/expenses/AddExpenseSheet.tsx [Client Component SSR]
    ./src/app/(app)/page.tsx [Client Component SSR]
    ./src/app/(app)/page.tsx [Server Component]


./src/components/expenses/CategoryChart.tsx
Specified module format (CommonJs) is not matching the module format of the source code (EcmaScript Modules)
The CommonJs module format was specified in the package.json that is affecting this source file or by using an special extension, but Ecmascript import/export syntax is used in the 
source code.
The module was automatically converted to an EcmaScript module, but that is in conflict with the specified module format. Either change the "type" field in the package.json or 
replace EcmaScript import/export syntax with CommonJs syntas in the source file.
In some cases EcmaScript import/export syntax is added by an transform and isn't actually part of the source code. In these cases revisit transformation options to inject the 
correct syntax.

Import traces:
  Client Component Browser:
    ./src/components/expenses/CategoryChart.tsx [Client Component Browser]
    ./src/app/(app)/page.tsx [Client Component Browser]
    ./src/app/(app)/page.tsx [Server Component]

  Client Component SSR:
    ./src/components/expenses/CategoryChart.tsx [Client Component SSR]
    ./src/app/(app)/page.tsx [Client Component SSR]
    ./src/app/(app)/page.tsx [Server Component]


./src/components/income/AddIncomeSheet.tsx
Specified module format (CommonJs) is not matching the module format of the source code (EcmaScript Modules)
The CommonJs module format was specified in the package.json that is affecting this source file or by using an special extension, but Ecmascript import/export syntax is used in the 
source code.
The module was automatically converted to an EcmaScript module, but that is in conflict with the specified module format. Either change the "type" field in the package.json or 
replace EcmaScript import/export syntax with CommonJs syntas in the source file.
In some cases EcmaScript import/export syntax is added by an transform and isn't actually part of the source code. In these cases revisit transformation options to inject the 
correct syntax.

Import traces:
  Client Component Browser:
    ./src/components/income/AddIncomeSheet.tsx [Client Component Browser]
    ./src/app/(app)/page.tsx [Client Component Browser]
    ./src/app/(app)/page.tsx [Server Component]

  Client Component SSR:
    ./src/components/income/AddIncomeSheet.tsx [Client Component SSR]
    ./src/app/(app)/page.tsx [Client Component SSR]
    ./src/app/(app)/page.tsx [Server Component]


./src/components/layout/BottomTabBar.tsx
Specified module format (CommonJs) is not matching the module format of the source code (EcmaScript Modules)
The CommonJs module format was specified in the package.json that is affecting this source file or by using an special extension, but Ecmascript import/export syntax is used in the 
source code.
The module was automatically converted to an EcmaScript module, but that is in conflict with the specified module format. Either change the "type" field in the package.json or 
replace EcmaScript import/export syntax with CommonJs syntas in the source file.
In some cases EcmaScript import/export syntax is added by an transform and isn't actually part of the source code. In these cases revisit transformation options to inject the 
correct syntax.

Import trace:
  Server Component:
    ./src/components/layout/BottomTabBar.tsx
    ./src/app/(app)/layout.tsx


./src/components/layout/DesktopSidebar.tsx
Specified module format (CommonJs) is not matching the module format of the source code (EcmaScript Modules)
The CommonJs module format was specified in the package.json that is affecting this source file or by using an special extension, but Ecmascript import/export syntax is used in the 
source code.
The module was automatically converted to an EcmaScript module, but that is in conflict with the specified module format. Either change the "type" field in the package.json or 
replace EcmaScript import/export syntax with CommonJs syntas in the source file.
In some cases EcmaScript import/export syntax is added by an transform and isn't actually part of the source code. In these cases revisit transformation options to inject the 
correct syntax.

Import trace:
  Server Component:
    ./src/components/layout/DesktopSidebar.tsx
    ./src/app/(app)/layout.tsx


./src/components/layout/Header.tsx
Specified module format (CommonJs) is not matching the module format of the source code (EcmaScript Modules)
The CommonJs module format was specified in the package.json that is affecting this source file or by using an special extension, but Ecmascript import/export syntax is used in the 
source code.
The module was automatically converted to an EcmaScript module, but that is in conflict with the specified module format. Either change the "type" field in the package.json or 
replace EcmaScript import/export syntax with CommonJs syntas in the source file.
In some cases EcmaScript import/export syntax is added by an transform and isn't actually part of the source code. In these cases revisit transformation options to inject the 
correct syntax.

Import trace:
  Server Component:
    ./src/components/layout/Header.tsx
    ./src/app/(app)/layout.tsx


./src/components/providers.tsx
Specified module format (CommonJs) is not matching the module format of the source code (EcmaScript Modules)
The CommonJs module format was specified in the package.json that is affecting this source file or by using an special extension, but Ecmascript import/export syntax is used in the 
source code.
The module was automatically converted to an EcmaScript module, but that is in conflict with the specified module format. Either change the "type" field in the package.json or 
replace EcmaScript import/export syntax with CommonJs syntas in the source file.
In some cases EcmaScript import/export syntax is added by an transform and isn't actually part of the source code. In these cases revisit transformation options to inject the 
correct syntax.

Import trace:
  Server Component:
    ./src/components/providers.tsx
    ./src/app/layout.tsx


./src/components/ui/PrivacyWrapper.tsx
Specified module format (CommonJs) is not matching the module format of the source code (EcmaScript Modules)
The CommonJs module format was specified in the package.json that is affecting this source file or by using an special extension, but Ecmascript import/export syntax is used in the 
source code.
The module was automatically converted to an EcmaScript module, but that is in conflict with the specified module format. Either change the "type" field in the package.json or 
replace EcmaScript import/export syntax with CommonJs syntas in the source file.
In some cases EcmaScript import/export syntax is added by an transform and isn't actually part of the source code. In these cases revisit transformation options to inject the 
correct syntax.

Import traces:
  Client Component Browser:
    ./src/components/ui/PrivacyWrapper.tsx [Client Component Browser]
    ./src/app/(app)/page.tsx [Client Component Browser]
    ./src/app/(app)/page.tsx [Server Component]

  Client Component SSR:
    ./src/components/ui/PrivacyWrapper.tsx [Client Component SSR]
    ./src/app/(app)/page.tsx [Client Component SSR]
    ./src/app/(app)/page.tsx [Server Component]


./src/context/PrivacyContext.tsx
Specified module format (CommonJs) is not matching the module format of the source code (EcmaScript Modules)
The CommonJs module format was specified in the package.json that is affecting this source file or by using an special extension, but Ecmascript import/export syntax is used in the 
source code.
The module was automatically converted to an EcmaScript module, but that is in conflict with the specified module format. Either change the "type" field in the package.json or 
replace EcmaScript import/export syntax with CommonJs syntas in the source file.
In some cases EcmaScript import/export syntax is added by an transform and isn't actually part of the source code. In these cases revisit transformation options to inject the 
correct syntax.

Import traces:
  Client Component Browser:
    ./src/context/PrivacyContext.tsx [Client Component Browser]
    ./src/app/(app)/settings/page.tsx [Client Component Browser]
    ./src/app/(app)/settings/page.tsx [Server Component]

  Client Component SSR:
    ./src/context/PrivacyContext.tsx [Client Component SSR]
    ./src/app/(app)/settings/page.tsx [Client Component SSR]
    ./src/app/(app)/settings/page.tsx [Server Component]


./src/lib/db.ts
Specified module format (CommonJs) is not matching the module format of the source code (EcmaScript Modules)
The CommonJs module format was specified in the package.json that is affecting this source file or by using an special extension, but Ecmascript import/export syntax is used in the 
source code.
The module was automatically converted to an EcmaScript module, but that is in conflict with the specified module format. Either change the "type" field in the package.json or 
replace EcmaScript import/export syntax with CommonJs syntas in the source file.
In some cases EcmaScript import/export syntax is added by an transform and isn't actually part of the source code. In these cases revisit transformation options to inject the 
correct syntax.

Import trace:
  App Route:
    ./src/lib/db.ts
    ./src/auth.ts
    ./src/app/api/auth/[...nextauth]/route.ts


./src/lib/icons.ts
Specified module format (CommonJs) is not matching the module format of the source code (EcmaScript Modules)
The CommonJs module format was specified in the package.json that is affecting this source file or by using an special extension, but Ecmascript import/export syntax is used in the 
source code.
The module was automatically converted to an EcmaScript module, but that is in conflict with the specified module format. Either change the "type" field in the package.json or 
replace EcmaScript import/export syntax with CommonJs syntas in the source file.
In some cases EcmaScript import/export syntax is added by an transform and isn't actually part of the source code. In these cases revisit transformation options to inject the 
correct syntax.

Import traces:
  Client Component Browser:
    ./src/lib/icons.ts [Client Component Browser]
    ./src/app/(app)/budgets/page.tsx [Client Component Browser]
    ./src/app/(app)/budgets/page.tsx [Server Component]

  Client Component SSR:
    ./src/lib/icons.ts [Client Component SSR]
    ./src/app/(app)/budgets/page.tsx [Client Component SSR]
    ./src/app/(app)/budgets/page.tsx [Server Component]


./src/lib/utils.ts
Specified module format (CommonJs) is not matching the module format of the source code (EcmaScript Modules)
The CommonJs module format was specified in the package.json that is affecting this source file or by using an special extension, but Ecmascript import/export syntax is used in the 
source code.
The module was automatically converted to an EcmaScript module, but that is in conflict with the specified module format. Either change the "type" field in the package.json or 
replace EcmaScript import/export syntax with CommonJs syntas in the source file.
In some cases EcmaScript import/export syntax is added by an transform and isn't actually part of the source code. In these cases revisit transformation options to inject the 
correct syntax.

Import traces:
  Client Component Browser:
    ./src/lib/utils.ts [Client Component Browser]
    ./src/app/(app)/page.tsx [Client Component Browser]
    ./src/app/(app)/page.tsx [Server Component]

  Client Component SSR:
    ./src/lib/utils.ts [Client Component SSR]
    ./src/app/(app)/page.tsx [Client Component SSR]
    ./src/app/(app)/page.tsx [Server Component]


./src/middleware.ts
Specified module format (CommonJs) is not matching the module format of the source code (EcmaScript Modules)
The CommonJs module format was specified in the package.json that is affecting this source file or by using an special extension, but Ecmascript import/export syntax is used in the 
source code.
The module was automatically converted to an EcmaScript module, but that is in conflict with the specified module format. Either change the "type" field in the package.json or 
replace EcmaScript import/export syntax with CommonJs syntas in the source file.
In some cases EcmaScript import/export syntax is added by an transform and isn't actually part of the source code. In these cases revisit transformation options to inject the 
correct syntax.


./src/server/routers/ai.ts
Specified module format (CommonJs) is not matching the module format of the source code (EcmaScript Modules)
The CommonJs module format was specified in the package.json that is affecting this source file or by using an special extension, but Ecmascript import/export syntax is used in the 
source code.
The module was automatically converted to an EcmaScript module, but that is in conflict with the specified module format. Either change the "type" field in the package.json or 
replace EcmaScript import/export syntax with CommonJs syntas in the source file.
In some cases EcmaScript import/export syntax is added by an transform and isn't actually part of the source code. In these cases revisit transformation options to inject the 
correct syntax.

Import trace:
  App Route:
    ./src/server/routers/ai.ts
    ./src/server/routers/index.ts
    ./src/app/api/trpc/[trpc]/route.ts


./src/server/routers/budget.ts
Specified module format (CommonJs) is not matching the module format of the source code (EcmaScript Modules)
The CommonJs module format was specified in the package.json that is affecting this source file or by using an special extension, but Ecmascript import/export syntax is used in the 
source code.
The module was automatically converted to an EcmaScript module, but that is in conflict with the specified module format. Either change the "type" field in the package.json or 
replace EcmaScript import/export syntax with CommonJs syntas in the source file.
In some cases EcmaScript import/export syntax is added by an transform and isn't actually part of the source code. In these cases revisit transformation options to inject the 
correct syntax.

Import trace:
  App Route:
    ./src/server/routers/budget.ts
    ./src/server/routers/index.ts
    ./src/app/api/trpc/[trpc]/route.ts


./src/server/routers/category.ts
Specified module format (CommonJs) is not matching the module format of the source code (EcmaScript Modules)
The CommonJs module format was specified in the package.json that is affecting this source file or by using an special extension, but Ecmascript import/export syntax is used in the 
source code.
The module was automatically converted to an EcmaScript module, but that is in conflict with the specified module format. Either change the "type" field in the package.json or 
replace EcmaScript import/export syntax with CommonJs syntas in the source file.
In some cases EcmaScript import/export syntax is added by an transform and isn't actually part of the source code. In these cases revisit transformation options to inject the 
correct syntax.

Import trace:
  App Route:
    ./src/server/routers/category.ts
    ./src/server/routers/index.ts
    ./src/app/api/trpc/[trpc]/route.ts


./src/server/routers/expense.ts
Specified module format (CommonJs) is not matching the module format of the source code (EcmaScript Modules)
The CommonJs module format was specified in the package.json that is affecting this source file or by using an special extension, but Ecmascript import/export syntax is used in the 
source code.
The module was automatically converted to an EcmaScript module, but that is in conflict with the specified module format. Either change the "type" field in the package.json or 
replace EcmaScript import/export syntax with CommonJs syntas in the source file.
In some cases EcmaScript import/export syntax is added by an transform and isn't actually part of the source code. In these cases revisit transformation options to inject the 
correct syntax.

Import trace:
  App Route:
    ./src/server/routers/expense.ts
    ./src/server/routers/index.ts
    ./src/app/api/trpc/[trpc]/route.ts


./src/server/routers/income.ts
Specified module format (CommonJs) is not matching the module format of the source code (EcmaScript Modules)
The CommonJs module format was specified in the package.json that is affecting this source file or by using an special extension, but Ecmascript import/export syntax is used in the 
source code.
The module was automatically converted to an EcmaScript module, but that is in conflict with the specified module format. Either change the "type" field in the package.json or 
replace EcmaScript import/export syntax with CommonJs syntas in the source file.
In some cases EcmaScript import/export syntax is added by an transform and isn't actually part of the source code. In these cases revisit transformation options to inject the 
correct syntax.

Import trace:
  App Route:
    ./src/server/routers/income.ts
    ./src/server/routers/index.ts
    ./src/app/api/trpc/[trpc]/route.ts


./src/server/routers/index.ts
Specified module format (CommonJs) is not matching the module format of the source code (EcmaScript Modules)
The CommonJs module format was specified in the package.json that is affecting this source file or by using an special extension, but Ecmascript import/export syntax is used in the 
source code.
The module was automatically converted to an EcmaScript module, but that is in conflict with the specified module format. Either change the "type" field in the package.json or 
replace EcmaScript import/export syntax with CommonJs syntas in the source file.
In some cases EcmaScript import/export syntax is added by an transform and isn't actually part of the source code. In these cases revisit transformation options to inject the 
correct syntax.

Import trace:
  App Route:
    ./src/server/routers/index.ts
    ./src/app/api/trpc/[trpc]/route.ts


./src/server/trpc.ts
Specified module format (CommonJs) is not matching the module format of the source code (EcmaScript Modules)
The CommonJs module format was specified in the package.json that is affecting this source file or by using an special extension, but Ecmascript import/export syntax is used in the 
source code.
The module was automatically converted to an EcmaScript module, but that is in conflict with the specified module format. Either change the "type" field in the package.json or 
replace EcmaScript import/export syntax with CommonJs syntas in the source file.
In some cases EcmaScript import/export syntax is added by an transform and isn't actually part of the source code. In these cases revisit transformation options to inject the 
correct syntax.

Import trace:
  App Route:
    ./src/server/trpc.ts
    ./src/app/api/trpc/[trpc]/route.ts


./src/trpc/client.tsx
Specified module format (CommonJs) is not matching the module format of the source code (EcmaScript Modules)
The CommonJs module format was specified in the package.json that is affecting this source file or by using an special extension, but Ecmascript import/export syntax is used in the 
source code.
The module was automatically converted to an EcmaScript module, but that is in conflict with the specified module format. Either change the "type" field in the package.json or 
replace EcmaScript import/export syntax with CommonJs syntas in the source file.
In some cases EcmaScript import/export syntax is added by an transform and isn't actually part of the source code. In these cases revisit transformation options to inject the 
correct syntax.

Import traces:
  Client Component Browser:
    ./src/trpc/client.tsx [Client Component Browser]
    ./src/app/(app)/budgets/page.tsx [Client Component Browser]
    ./src/app/(app)/budgets/page.tsx [Server Component]

  Client Component SSR:
    ./src/trpc/client.tsx [Client Component SSR]
    ./src/app/(app)/budgets/page.tsx [Client Component SSR]
    ./src/app/(app)/budgets/page.tsx [Server Component]


    at ignore-listed frames
